*Yes*
*Yes*
koe1: 
  retracted
  10
  30
koe1 end
*Yes*
koe2: 
  retracted
koe2 end
*Yes*
koe3: 
  retracted
koe3 end
*Yes*
koe4: 
*** cannot retract non-dynamic datax/1
  retracted
  5
koe4 end
*Yes*
koe5: 
*** cannot retract non-dynamic datay/1
  retracted
*** Unknown predicate: datay/1
koe5 end
*Yes*
koe6: 
  retracted
koe6 end
*Yes*
Exit status: 0 ; 
