TestRedirect 0.1 by Ari Okkonen & Mikko Levanto 2021-04-27
output_redirect test
|teststringlist here|
|loppu|
output_redirect_success
out_int of type integer
out_int = 5
Error follows:
#*** Error in file #errstringlist Line: 2# Pos: 32#
#      write("teststringlist here"),$ nl, writeln("loppu").#
# # # # # # # # # # # # # # # # # # # # # # # # # # # # # # # # # # # #^#
-End redirect test-
Exit status: 0 ; 
