koe1: |'A'|
*Yes*
koe1a: |'\n'|
*Yes*
koe1b: |'\''|
*Yes*
koe1c: |'\\'|
*Yes*
koe1d: |'\x1F'|
*Yes*
koe1e: |'\x7F'|
*Yes*
koe1f: |'\x00'|
*Yes*
koe1g: |'\x07'|
*Yes*
koe1h: |'\x80'|
*Yes*
koe1i: |'\u0100'|
*Yes*
koe1j: |'\uFFFF'|
*Yes*
koe2: |a('b','c')d|
*Yes*
koe3: |1234567890|
*Yes*
koe4a: |[]|
*Yes*
koe4b: |['a']|
*Yes*
koe4c: |['a','b']|
*Yes*
koe4d: |['c','d']|
*Yes*
koe4e: |['e','f','g','h']|
*Yes*
koe4f: |['c',[],'d']|
*Yes*
koe4g: |['c',[]|'d']|
*Yes*
koe5: |3.14159|
*Yes*
koe6a: |""|
*Yes*
koe6b: |"string"|
*Yes*
koe6c: |"A\n'\\\x1F\x7F\x00\x07\x80\u0100\uFFFFB"|"B"|
*Yes*
koe6d: |"A\U00103456B"|"B"|
*Yes*
koe7a: |_1|
*Yes*
koe7b: |_2|_2|
*Yes*
koe10: |'a''b'|
*Yes*
koe11: ||
*Yes*
Exit status: 0 ; 
