test_retractall 
koe1: 
  retracted
  10
  30
koe1 end
koe2: 
  retracted
koe2 end
koe3: 
  retracted
koe3 end
koe4: 
  error: 1407
  5
koe4 end
koe5: 
  error: 1407
*** Unknown predicate: datay/1
koe5 end
koe6: 
  retracted
koe6 end
koe13 a: ;
koe13 b: 
  Error: 1407
koe13 c: 
  Error: 1407
koe13 d: 
  indents found: []
  indentzs found: [12]
koe14 a: ;
koe14 b: 
  indents found: []
  indentzs found: []
  datas found: [120,121,120,121]
Exit status: 0 ; 
