test_strings 
koe1: "CDE" |CDE|
koe2: "ABCDEF"
koe3.a: Ok
koe3.b: Ok
koe4a1: 
* A="BCDEFG"
* B="DEF"
koe4a2: 
koe4a3: 
* A="BCDEFG"
* B="DEF"
Ok
koe4b: Ok
koe4c: Ok
koe4d: Ok
koe4e: 
  Pos = 1, Len = 2
  Pos = 5, Len = 2
  Pos = 8, Len = 2
  Pos = 11, Len = 2
  no more
koe5: Ok
koe6: Ok
koe7: +++ |CDEF|234|
+++ |CD|EF234|
---|CDEF234|CDEF234|
testcmp: "CDEF234"<"CDEF234"
testcmp: "CDEF234"<="CDEF234"
yes
testcmp: "CDEF234"="CDEF234"
yes
testcmp: "CDEF234">="CDEF234"
yes
testcmp: "CDEF234">"CDEF234"
testcmp: "CDEF234"<>"CDEF234"
--- vv ---
testcmp: "CDEF234"<"CDEF234"
testcmp: "CDEF234"<="CDEF234"
yes
testcmp: "CDEF234"="CDEF234"
yes
testcmp: "CDEF234">="CDEF234"
yes
testcmp: "CDEF234">"CDEF234"
testcmp: "CDEF234"<>"CDEF234"
koe7 done
koe7a: +++ |CDEF|234|
+++ |CD|EF23Y|
---|CDEF234|CDEF23Y|
testcmp: "CDEF234"<"CDEF23Y"
yes
testcmp: "CDEF234"<="CDEF23Y"
yes
testcmp: "CDEF234"="CDEF23Y"
testcmp: "CDEF234">="CDEF23Y"
testcmp: "CDEF234">"CDEF23Y"
testcmp: "CDEF234"<>"CDEF23Y"
yes
--- vv ---
testcmp: "CDEF23Y"<"CDEF234"
testcmp: "CDEF23Y"<="CDEF234"
testcmp: "CDEF23Y"="CDEF234"
testcmp: "CDEF23Y">="CDEF234"
yes
testcmp: "CDEF23Y">"CDEF234"
yes
testcmp: "CDEF23Y"<>"CDEF234"
yes
koe7 done
koe7b: +++ |CDEF|234|
+++ |CD|EF23|
---|CDEF234|CDEF23|
testcmp: "CDEF234"<"CDEF23"
testcmp: "CDEF234"<="CDEF23"
testcmp: "CDEF234"="CDEF23"
testcmp: "CDEF234">="CDEF23"
yes
testcmp: "CDEF234">"CDEF23"
yes
testcmp: "CDEF234"<>"CDEF23"
yes
--- vv ---
testcmp: "CDEF23"<"CDEF234"
yes
testcmp: "CDEF23"<="CDEF234"
yes
testcmp: "CDEF23"="CDEF234"
testcmp: "CDEF23">="CDEF234"
testcmp: "CDEF23">"CDEF234"
testcmp: "CDEF23"<>"CDEF234"
yes
koe7 done
koe8: (o,o,o)
koe8: (i,o,o)
koe8: (o,i,o)
koe8: (o,o,i)
koe8: 
1a: V|ABCD|_1|ABCDEFGH|
1a: ^|ABCD|EFGH|ABCDEFGH|
1b: V|ABCD|_2|ABCDEFGH|
1b: ^|ABCD|EFGH|ABCDEFGH|
1c: V|ABCD|_3|ABCDEFGH|
1c: ^|ABCD|EFGH|ABCDEFGH|
1d: V|ABCD|_4|ABCDEFGH|
1d: ^|ABCD|EFGH|ABCDEFGH|
1e: V|_5|ABCD|EFGHABCD|
1e: ^|EFGH|ABCD|EFGHABCD|
1f: -|ABCD|_6|EFGHABCD|
1g: -|ABCD|_7|EFGHABCD|
1h: -|ABCD|_8|EFGHABCD|
2a: V|ABCD|_9|ABCDEFGH|
2a: ^|ABCD|EFGH|ABCDEFGH|
2b: V|ABCD|_10|ABCDEFGH|
2b: ^|ABCD|EFGH|ABCDEFGH|
2c: V|ABCD|_11|ABCDEFGH|
2c: ^|ABCD|EFGH|ABCDEFGH|
2d: V|ABCD|_12|ABCDEFGH|
2d: ^|ABCD|EFGH|ABCDEFGH|
2e: V|_13|ABCD|EFGHABCD|
2e: ^|EFGH|ABCD|EFGHABCD|
2f: -|ABCD|_14|EFGHABCD|
2g: -|ABCD|_15|EFGHABCD|
2h: -|ABCD|_16|EFGHABCD|
3a: V|ABCD|_17|ABCDEFGH|
3a: ^|ABCD|EFGH|ABCDEFGH|
3b: V|ABCD|_18|ABCDEFGH|
3b: ^|ABCD|EFGH|ABCDEFGH|
3c: V|ABCD|_19|ABCDEFGH|
3c: ^|ABCD|EFGH|ABCDEFGH|
3d: V|ABCD|_20|ABCDEFGH|
3d: ^|ABCD|EFGH|ABCDEFGH|
3e: V|_21|ABCD|EFGHABCD|
3e: ^|EFGH|ABCD|EFGHABCD|
3f: -|ABCD|_22|EFGHABCD|
3g: -|ABCD|_23|EFGHABCD|
3h: -|ABCD|_24|EFGHABCD|
4a: -|ABCX|_25|ABCDEFGH|
4b: -|ABCX|_26|ABCDEFGH|
4c: -|ABCX|_27|ABCDEFGH|
4d: -|ABCX|_28|ABCDEFGH|
4e: -|_29|ABCX|EFGHABCD|
4f: -|ABCX|_30|EFGHABCD|
4g: -|ABCX|_31|EFGHABCD|
4h: -|ABCX|_32|EFGHABCD|
5a: -|AXCD|_33|ABCDEFGH|
5b: -|AXCD|_34|ABCDEFGH|
5c: -|AXCD|_35|ABCDEFGH|
5d: -|AXCD|_36|ABCDEFGH|
5e: -|_37|AXCD|EFGHABCD|
5f: -|AXCD|_38|EFGHABCD|
5g: -|AXCD|_39|EFGHABCD|
5h: -|AXCD|_40|EFGHABCD|
6a: -|ABCX|_41|ABCDEFGH|
6b: -|ABCX|_42|ABCDEFGH|
6c: -|ABCX|_43|ABCDEFGH|
6d: -|ABCX|_44|ABCDEFGH|
6e: -|_45|ABCX|EFGHABCD|
6f: -|ABCX|_46|EFGHABCD|
6g: -|ABCX|_47|EFGHABCD|
6h: -|ABCX|_48|EFGHABCD|
7a: -|ABCX|_49|ABCDEFGH|
7b: -|ABCX|_50|ABCDEFGH|
7c: -|ABCX|_51|ABCDEFGH|
7d: -|ABCX|_52|ABCDEFGH|
7e: -|_53|ABCX|EFGHABCD|
7f: -|ABCX|_54|EFGHABCD|
7g: -|ABCX|_55|EFGHABCD|
7h: -|ABCX|_56|EFGHABCD|
koe9: 
koe9 success 4,3
koe9 success 6,3
koe9 end
koe10
koe10 success abc
koe10
koe10 success xyz
koe10 end
koe11a
koe11a success 'A' = 'A'
koe11a end
koe11b
koe11b success 'A' = "A"
koe11b end
koe11c
koe11c success A = A
koe11c end
koe11d
koe11d end
koe11e
koe11e end
koe11f
koe11f end
koe11g
koe11g end
koe11h
koe11h end
koe11i
koe11i end
koe12
  |abcd7@|
koe12 end
koe13
  |ABCD7@|
koe13 end
koe14
  Ok
koe14 end
koe15
koe15 end
koe16
  |"\xE5\xE4\xF6\u03C0"|
koe16 end
koe17
koe17 Ok end
koe18
  A: 
    0
  B: 
    1
  C: 
    2
  D: 
    12
  E: 
    Ok
  F: 
  G: 
koe18 end
koe19z:  failed: Ok
koe19: Ok
koe19a:  failed: Ok
koe19b: 
  no more
koe19c: 
  Pos = 3
  no more
koe19d: 
  Pos = 1
  Pos = 5
  Pos = 8
  Pos = 11
  no more
koe19e: 
  Pos = 3
  Pos = 5
  no more
koe19f: 
  Pos = 1
  Pos = 2
  Pos = 3
  Pos = 4
  no more
koe20: 
  no more
koe20a: 
  Pos = 1
  Pos = 3
  Pos = 4
  Pos = 6
  no more
koe20b: 
  no more
koe20c: 
  C = 'a'
  no more
koe20d: 
  C = 'b'
  no more
koe20e: 
  C = 'c'
  no more
koe20f: 
  no more
koe21b: 
  no more
koe21c: 
  C = 'a'
  no more
koe21d: 
  C = 'b'
  no more
koe21e: 
  C = 'c'
  no more
koe21f: 
  no more
Exit status: 0 ; 
