test_consult_again 
consult_again test
koe1 Dir: file:D:\wa\JalogTeam\Jalog\test\regression_test
koe1 changed Dir: file:D:\wa\JalogTeam\Jalog\test\regression_test\test_dir
koe1 a: ;
koe1 b: ;
koe1 c:  6 8;
koe1 d: ;
koe1 e:  6 8;
koe1 f: ;
koe1 g:  6 8;
koe1 h: ;
koe1 i:  6 8 1 2 3 5;
koe1 Dir: file:D:\wa\JalogTeam\Jalog\test\regression_test
;
Exit status: 0 ; 
