test_dynamic 
A 
*** Unknown predicate: a/0
B 
C 
D 
E 
F 
*** Unknown predicate: b/2
G 
*** Unknown predicate: b/0
b stored
H 
I 
J 
heippa
K Rule cannot be made dynamic.
*** Error: c/0 cannot be dynamic because it has rules.
K: status=9999
K done
L Dynamic predicate cannot accept a rule.

*** Error: assert: Dynamic rule not allowed: b/1
L 
heippa
L done
Exit status: 0 ; 
