koe1: "CDE"
*Yes*
koe2: "ABCDEF"
*Yes*
koe3.a: Ok
koe3.b: Ok
*Yes*
koe4a1: 
* A="BCDEFG"
* B="DEF"
koe4a2: 
koe4a3: 
* A="BCDEFG"
* B="DEF"
Ok
*Yes*
koe4b: Ok
*Yes*
koe4c: Ok
*Yes*
koe5: Ok
*Yes*
koe6: Ok
*Yes*
koe7: +++ |CDEF|234|
+++ |CD|EF234|
---|CDEF234|CDEF234|
testcmp: "CDEF234"<"CDEF234"
testcmp: "CDEF234"<="CDEF234"
yes
testcmp: "CDEF234"="CDEF234"
yes
testcmp: "CDEF234">="CDEF234"
yes
testcmp: "CDEF234">"CDEF234"
testcmp: "CDEF234"<>"CDEF234"
--- vv ---
testcmp: "CDEF234"<"CDEF234"
testcmp: "CDEF234"<="CDEF234"
yes
testcmp: "CDEF234"="CDEF234"
yes
testcmp: "CDEF234">="CDEF234"
yes
testcmp: "CDEF234">"CDEF234"
testcmp: "CDEF234"<>"CDEF234"
koe7 done
*Yes*
koe7a: +++ |CDEF|234|
+++ |CD|EF23Y|
---|CDEF234|CDEF23Y|
testcmp: "CDEF234"<"CDEF23Y"
yes
testcmp: "CDEF234"<="CDEF23Y"
yes
testcmp: "CDEF234"="CDEF23Y"
testcmp: "CDEF234">="CDEF23Y"
testcmp: "CDEF234">"CDEF23Y"
testcmp: "CDEF234"<>"CDEF23Y"
yes
--- vv ---
testcmp: "CDEF23Y"<"CDEF234"
testcmp: "CDEF23Y"<="CDEF234"
testcmp: "CDEF23Y"="CDEF234"
testcmp: "CDEF23Y">="CDEF234"
yes
testcmp: "CDEF23Y">"CDEF234"
yes
testcmp: "CDEF23Y"<>"CDEF234"
yes
koe7 done
*Yes*
koe7b: +++ |CDEF|234|
+++ |CD|EF23|
---|CDEF234|CDEF23|
testcmp: "CDEF234"<"CDEF23"
testcmp: "CDEF234"<="CDEF23"
testcmp: "CDEF234"="CDEF23"
testcmp: "CDEF234">="CDEF23"
yes
testcmp: "CDEF234">"CDEF23"
yes
testcmp: "CDEF234"<>"CDEF23"
yes
--- vv ---
testcmp: "CDEF23"<"CDEF234"
yes
testcmp: "CDEF23"<="CDEF234"
yes
testcmp: "CDEF23"="CDEF234"
testcmp: "CDEF23">="CDEF234"
testcmp: "CDEF23">"CDEF234"
testcmp: "CDEF23"<>"CDEF234"
yes
koe7 done
*Yes*
koe8: (o,o,o)
koe8: (i,o,o)
koe8: (o,i,o)
koe8: (o,o,i)
koe8: 
1a: V|ABCD|_4370|ABCDEFGH|
1a: ^|ABCD|EFGH|ABCDEFGH|
1b: V|ABCD|_4466|ABCDEFGH|
1b: ^|ABCD|EFGH|ABCDEFGH|
1c: V|ABCD|_4562|ABCDEFGH|
1c: ^|ABCD|EFGH|ABCDEFGH|
1d: V|ABCD|_4659|ABCDEFGH|
1d: ^|ABCD|EFGH|ABCDEFGH|
1e: V|_4747|ABCD|EFGHABCD|
1e: ^|EFGH|ABCD|EFGHABCD|
1f: -|ABCD|_4845|EFGHABCD|
1g: -|ABCD|_4939|EFGHABCD|
1h: -|ABCD|_5034|EFGHABCD|
2a: V|ABCD|_5142|ABCDEFGH|
2a: ^|ABCD|EFGH|ABCDEFGH|
2b: V|ABCD|_5238|ABCDEFGH|
2b: ^|ABCD|EFGH|ABCDEFGH|
2c: V|ABCD|_5334|ABCDEFGH|
2c: ^|ABCD|EFGH|ABCDEFGH|
2d: V|ABCD|_5431|ABCDEFGH|
2d: ^|ABCD|EFGH|ABCDEFGH|
2e: V|_5519|ABCD|EFGHABCD|
2e: ^|EFGH|ABCD|EFGHABCD|
2f: -|ABCD|_5617|EFGHABCD|
2g: -|ABCD|_5711|EFGHABCD|
2h: -|ABCD|_5806|EFGHABCD|
3a: V|ABCD|_5915|ABCDEFGH|
3a: ^|ABCD|EFGH|ABCDEFGH|
3b: V|ABCD|_6011|ABCDEFGH|
3b: ^|ABCD|EFGH|ABCDEFGH|
3c: V|ABCD|_6107|ABCDEFGH|
3c: ^|ABCD|EFGH|ABCDEFGH|
3d: V|ABCD|_6204|ABCDEFGH|
3d: ^|ABCD|EFGH|ABCDEFGH|
3e: V|_6292|ABCD|EFGHABCD|
3e: ^|EFGH|ABCD|EFGHABCD|
3f: -|ABCD|_6390|EFGHABCD|
3g: -|ABCD|_6484|EFGHABCD|
3h: -|ABCD|_6579|EFGHABCD|
4a: -|ABCX|_6680|ABCDEFGH|
4b: -|ABCX|_6773|ABCDEFGH|
4c: -|ABCX|_6866|ABCDEFGH|
4d: -|ABCX|_6960|ABCDEFGH|
4e: -|_7045|ABCX|EFGHABCD|
4f: -|ABCX|_7140|EFGHABCD|
4g: -|ABCX|_7234|EFGHABCD|
4h: -|ABCX|_7329|EFGHABCD|
5a: -|AXCD|_7437|ABCDEFGH|
5b: -|AXCD|_7530|ABCDEFGH|
5c: -|AXCD|_7623|ABCDEFGH|
5d: -|AXCD|_7717|ABCDEFGH|
5e: -|_7802|AXCD|EFGHABCD|
5f: -|AXCD|_7897|EFGHABCD|
5g: -|AXCD|_7991|EFGHABCD|
5h: -|AXCD|_8086|EFGHABCD|
6a: -|ABCX|_8194|ABCDEFGH|
6b: -|ABCX|_8287|ABCDEFGH|
6c: -|ABCX|_8380|ABCDEFGH|
6d: -|ABCX|_8474|ABCDEFGH|
6e: -|_8559|ABCX|EFGHABCD|
6f: -|ABCX|_8654|EFGHABCD|
6g: -|ABCX|_8748|EFGHABCD|
6h: -|ABCX|_8843|EFGHABCD|
7a: -|ABCX|_8952|ABCDEFGH|
7b: -|ABCX|_9045|ABCDEFGH|
7c: -|ABCX|_9138|ABCDEFGH|
7d: -|ABCX|_9232|ABCDEFGH|
7e: -|_9317|ABCX|EFGHABCD|
7f: -|ABCX|_9412|EFGHABCD|
7g: -|ABCX|_9506|EFGHABCD|
7h: -|ABCX|_9601|EFGHABCD|
*Yes*
Exit status: 0 ; 
