koe8: (o,o,o)
koe8: (i,o,o)
koe8: (o,i,o)
koe8: (o,o,i)
koe8: 
1a: V|ABCD|_2122|ABCDEFGH|
1a: ^|ABCD|EFGH|ABCDEFGH|
1b: V|ABCD|_2218|ABCDEFGH|
1b: ^|ABCD|EFGH|ABCDEFGH|
1c: V|ABCD|_2314|ABCDEFGH|
1c: ^|ABCD|EFGH|ABCDEFGH|
1d: V|ABCD|_2411|ABCDEFGH|
1d: ^|ABCD|EFGH|ABCDEFGH|
1e: V|_2499|ABCD|EFGHABCD|
1e: ^|EFGH|ABCD|EFGHABCD|
1f: -|ABCD|_2597|EFGHABCD|
1g: -|ABCD|_2691|EFGHABCD|
1h: -|ABCD|_2786|EFGHABCD|
2a: V|ABCD|_2894|ABCDEFGH|
2a: ^|ABCD|EFGH|ABCDEFGH|
2b: V|ABCD|_2990|ABCDEFGH|
2b: ^|ABCD|EFGH|ABCDEFGH|
2c: V|ABCD|_3086|ABCDEFGH|
2c: ^|ABCD|EFGH|ABCDEFGH|
2d: V|ABCD|_3183|ABCDEFGH|
2d: ^|ABCD|EFGH|ABCDEFGH|
2e: V|_3271|ABCD|EFGHABCD|
2e: ^|EFGH|ABCD|EFGHABCD|
2f: -|ABCD|_3369|EFGHABCD|
2g: -|ABCD|_3463|EFGHABCD|
2h: -|ABCD|_3558|EFGHABCD|
3a: V|ABCD|_3667|ABCDEFGH|
3a: ^|ABCD|EFGH|ABCDEFGH|
3b: V|ABCD|_3763|ABCDEFGH|
3b: ^|ABCD|EFGH|ABCDEFGH|
3c: V|ABCD|_3859|ABCDEFGH|
3c: ^|ABCD|EFGH|ABCDEFGH|
3d: V|ABCD|_3956|ABCDEFGH|
3d: ^|ABCD|EFGH|ABCDEFGH|
3e: V|_4044|ABCD|EFGHABCD|
3e: ^|EFGH|ABCD|EFGHABCD|
3f: -|ABCD|_4142|EFGHABCD|
3g: -|ABCD|_4236|EFGHABCD|
3h: -|ABCD|_4331|EFGHABCD|
4a: -|ABCX|_4432|ABCDEFGH|
4b: -|ABCX|_4525|ABCDEFGH|
4c: -|ABCX|_4618|ABCDEFGH|
4d: -|ABCX|_4712|ABCDEFGH|
4e: -|_4797|ABCX|EFGHABCD|
4f: -|ABCX|_4892|EFGHABCD|
4g: -|ABCX|_4986|EFGHABCD|
4h: -|ABCX|_5081|EFGHABCD|
5a: -|AXCD|_5189|ABCDEFGH|
5b: -|AXCD|_5282|ABCDEFGH|
5c: -|AXCD|_5375|ABCDEFGH|
5d: -|AXCD|_5469|ABCDEFGH|
5e: -|_5554|AXCD|EFGHABCD|
5f: -|AXCD|_5649|EFGHABCD|
5g: -|AXCD|_5743|EFGHABCD|
5h: -|AXCD|_5838|EFGHABCD|
6a: -|ABCX|_5946|ABCDEFGH|
6b: -|ABCX|_6039|ABCDEFGH|
6c: -|ABCX|_6132|ABCDEFGH|
6d: -|ABCX|_6226|ABCDEFGH|
6e: -|_6311|ABCX|EFGHABCD|
6f: -|ABCX|_6406|EFGHABCD|
6g: -|ABCX|_6500|EFGHABCD|
6h: -|ABCX|_6595|EFGHABCD|
7a: -|ABCX|_6704|ABCDEFGH|
7b: -|ABCX|_6797|ABCDEFGH|
7c: -|ABCX|_6890|ABCDEFGH|
7d: -|ABCX|_6984|ABCDEFGH|
7e: -|_7069|ABCX|EFGHABCD|
7f: -|ABCX|_7164|EFGHABCD|
7g: -|ABCX|_7258|EFGHABCD|
7h: -|ABCX|_7353|EFGHABCD|
*Yes*
Exit status: 0 ; 
