'A'
'A'
+('A',1)
'A' = 'A'
'A' < 'B'
*Yes*

*Yes*
a(21)
*Yes*
a(22)
*Yes*
23
*Yes*
24
*Yes*

*Yes*
31
*Yes*
32
*Yes*
33
*Yes*
34 = 34
*Yes*
64 = $40
*Yes*
36 < 37
*Yes*

*Yes*
[41,42]
*Yes*
[42,43]
*Yes*
43
*Yes*
44
*Yes*

*Yes*
5.1
*Yes*
5.2
*Yes*
6.2
*Yes*
5.4 = 5.4
*Yes*
5.6 < 5.7
*Yes*

*Yes*
"A"
*Yes*
"A"
*Yes*
"A" = "A"
*Yes*
"A" = "\u0041"
*Yes*
"A" < "B"
*Yes*
