test_writeq 
koe1: |'A'|
koe1a: |'\n'|
koe1b: |'\''|
koe1c: |'\\'|
koe1d: |'\x1F'|
koe1e: |'\x7F'|
koe1f: |'\x00'|
koe1g: |'\x07'|
koe1h: |'\x80'|
koe1i: |'\u0100'|
koe1j: |'\uFFFF'|
koe2: |a('b','c')d|
koe3: |1234567890|
koe4a: |[]|
koe4b: |['a']|
koe4c: |['a','b']|
koe4d: |['c','d']|
koe4e: |['e','f','g','h']|
koe4f: |['c',[],'d']|
koe4g: |['c',[]|'d']|
koe5: |3.14159|
koe6a: |""|
koe6b: |"string"|
koe6c: |"A\n'\\\x1F\x7F\x00\x07\x80\u0100\uFFFFB"|"B"|
koe6d: |"A\U00103456B"|"B"|
koe7a: |_1|
koe7b: |_2|_2|
koe10: |'a''b'|
koe11: ||
Exit status: 0 ; 
