test__eq_ 
koe1a: |
koe1b: -
koe1c: a|
koe2a: |
koe2b: -
koe2c: -
koe2d: a(x)|
koe2e: a(x) x|
koe3a: |
koe3b: -
koe3c: 1|
koe4a: |
koe4b: -
koe4c: -
koe4d: [a,x]|
koe4e: [a,x] x|
koe5a: |
koe5b: -
koe5c: 3.141|
koe5d: |
koe5e: |
koe6a: |
koe6b: -
koe6c: a|
koe7a: |
koe7b: |
koe7c: z|
Exit status: 0 ; 
