test_frontstr 
koe1: ""
frontstr: ""
rest:  ""
koe2: ""
test1 failed
koe3: "X"
frontstr: ""
rest:  "X"
koe4: "X"
frontstr: "X"
rest:  ""
koe5: "X"
test1 failed
koe6: "XY"
frontstr: ""
rest:  "XY"
koe7: "XY"
frontstr: "X"
rest:  "Y"
koe8: "XY"
frontstr: "XY"
rest:  ""
koe9: "XY"
test1 failed
koe10: "  funktori(256,  'x',f(3),\"hei\"  "
frontstr: "  funktori(256,  'x',f(3),\"hei"
rest:  "\"  "
koe11: success
koe12: fail Ok
koe13: success
koe14: fail Ok
koe15: success
Exit status: 0 ; 
